// Jest Snapshot v1, https://goo.gl/fbAQLP

exports[`FormPrivacy should render 1`] = `
<div>
  <div
    className="form-input"
  >
    <label
      htmlFor="productComm"
    >
      Receive updates about Tray.io product by email
    </label>
    <input
      name="productComm"
      onChange={[MockFunction]}
      type="checkbox"
    />
  </div>
  <div
    className="form-input"
  >
    <label
      htmlFor="otherComm"
    >
      Receive communication by email for other products created by the Tray.io team
    </label>
    <input
      name="otherComm"
      onChange={[MockFunction]}
      type="checkbox"
    />
  </div>
  <button
    onClick={[Function]}
    type="button"
  >
    Submit
  </button>
</div>
`;
